2024-06-11 09:57:02,551 	 INFO: KEVIN - Logger created succesfully
2024-06-11 09:57:02,559 	 INFO: KEVIN - Waiting till 08:55 am, actual time: 09:57:02
2024-06-11 09:57:02,560 	 INFO: KEVIN - Running script at 09:57:02
2024-06-11 09:57:26,923 	 INFO: KEVIN - Driver created correctly

2024-06-11 09:57:35,264 	 INFO: KEVIN - Logged in correctly...
2024-06-11 09:57:55,279 	 INFO: KEVIN - Making a new booking...
2024-06-11 09:58:02,318 	 INFO: KEVIN - Writting seat conf...
2024-06-11 09:58:02,321 	 INFO: KEVIN - Selecting desired date...
2024-06-11 09:58:02,353 	 INFO: KEVIN - Script ending
2024-06-11 09:59:33,088 	 INFO: KEVIN - Logger created succesfully
2024-06-11 09:59:33,093 	 INFO: KEVIN - Waiting till 08:55 am, actual time: 09:59:33
2024-06-11 09:59:33,094 	 INFO: KEVIN - Running script at 09:59:33
2024-06-11 09:59:47,049 	 INFO: KEVIN - Driver created correctly

2024-06-11 09:59:55,278 	 INFO: KEVIN - Logged in correctly...
2024-06-11 10:00:15,280 	 INFO: KEVIN - Making a new booking...
2024-06-11 10:00:22,309 	 INFO: KEVIN - Writting seat conf...
2024-06-11 10:00:22,310 	 INFO: KEVIN - Selecting desired date...
2024-06-11 10:00:22,350 	 INFO: KEVIN - Script ending
2024-06-11 10:02:18,107 	 INFO: KEVIN - Logger created succesfully
2024-06-11 10:02:18,162 	 INFO: KEVIN - Waiting till 08:55 am, actual time: 10:02:18
2024-06-11 10:02:18,163 	 INFO: KEVIN - Running script at 10:02:18
2024-06-11 10:02:30,926 	 INFO: KEVIN - Driver created correctly

2024-06-11 10:02:39,206 	 INFO: KEVIN - Logged in correctly...
2024-06-11 10:02:59,219 	 INFO: KEVIN - Making a new booking...
2024-06-11 10:03:06,262 	 INFO: KEVIN - Writting seat conf...
2024-06-11 10:03:06,263 	 INFO: KEVIN - Selecting desired date...
2024-06-11 10:03:06,298 	 INFO: KEVIN - Script ending
2024-06-11 10:03:22,342 	 INFO: KEVIN - Logger created succesfully
2024-06-11 10:03:22,347 	 INFO: KEVIN - Waiting till 08:55 am, actual time: 10:03:22
2024-06-11 10:03:22,348 	 INFO: KEVIN - Running script at 10:03:22
2024-06-11 10:03:35,248 	 INFO: KEVIN - Driver created correctly

2024-06-11 10:03:43,584 	 INFO: KEVIN - Logged in correctly...
2024-06-11 10:04:03,615 	 INFO: KEVIN - Making a new booking...
2024-06-11 10:04:10,643 	 INFO: KEVIN - Writting seat conf...
2024-06-11 10:04:10,644 	 INFO: KEVIN - Selecting desired date...
2024-06-11 10:04:10,679 	 INFO: KEVIN - Script ending
2024-06-11 10:04:26,754 	 INFO: KEVIN - Logger created succesfully
2024-06-11 10:04:26,760 	 INFO: KEVIN - Waiting till 08:55 am, actual time: 10:04:26
2024-06-11 10:04:26,761 	 INFO: KEVIN - Running script at 10:04:26
2024-06-11 10:04:40,111 	 INFO: KEVIN - Driver created correctly

2024-06-11 10:04:48,394 	 INFO: KEVIN - Logged in correctly...
2024-06-11 10:05:08,408 	 INFO: KEVIN - Making a new booking...
2024-06-11 10:05:15,438 	 INFO: KEVIN - Writting seat conf...
2024-06-11 10:05:15,439 	 INFO: KEVIN - Selecting desired date...
2024-06-11 10:05:15,478 	 INFO: KEVIN - Script ending
2024-06-11 10:05:39,674 	 INFO: KEVIN - Logger created succesfully
2024-06-11 10:05:39,678 	 INFO: KEVIN - Waiting till 08:55 am, actual time: 10:05:39
2024-06-11 10:05:39,679 	 INFO: KEVIN - Running script at 10:05:39
2024-06-11 10:05:52,784 	 INFO: KEVIN - Driver created correctly

2024-06-11 10:06:01,161 	 INFO: KEVIN - Logged in correctly...
2024-06-11 10:06:21,195 	 INFO: KEVIN - Making a new booking...
2024-06-11 10:06:28,230 	 INFO: KEVIN - Writting seat conf...
2024-06-11 10:06:28,231 	 INFO: KEVIN - Selecting desired date...
2024-06-11 10:06:28,253 	 INFO: KEVIN - Script ending
2024-06-11 10:07:47,198 	 INFO: KEVIN - Logger created succesfully
2024-06-11 10:07:47,198 	 INFO: KEVIN - Waiting till 08:55 am, actual time: 10:07:47
2024-06-11 10:07:47,198 	 INFO: KEVIN - Running script at 10:07:47
2024-06-11 10:08:01,441 	 INFO: KEVIN - Driver created correctly

2024-06-11 10:08:09,704 	 INFO: KEVIN - Logged in correctly...
2024-06-11 10:08:29,714 	 INFO: KEVIN - Making a new booking...
2024-06-11 10:08:36,741 	 INFO: KEVIN - Writting seat conf...
2024-06-11 10:08:36,742 	 INFO: KEVIN - Selecting desired date...
2024-06-11 10:08:36,757 	 INFO: KEVIN - Script ending
2024-06-11 10:09:16,221 	 INFO: KEVIN - Logger created succesfully
2024-06-11 10:09:16,223 	 INFO: KEVIN - Waiting till 08:55 am, actual time: 10:09:16
2024-06-11 10:09:16,223 	 INFO: KEVIN - Running script at 10:09:16
2024-06-11 10:09:29,417 	 INFO: KEVIN - Driver created correctly

2024-06-11 10:09:37,655 	 INFO: KEVIN - Logged in correctly...
2024-06-11 10:09:57,679 	 INFO: KEVIN - Making a new booking...
2024-06-11 10:10:04,710 	 INFO: KEVIN - Writting seat conf...
2024-06-11 10:10:04,711 	 INFO: KEVIN - Selecting desired date...
2024-06-11 10:10:04,725 	 INFO: KEVIN - Script ending
2024-06-11 10:11:22,003 	 INFO: KEVIN - Logger created succesfully
2024-06-11 10:11:22,006 	 INFO: KEVIN - Waiting till 08:55 am, actual time: 10:11:22
2024-06-11 10:11:22,006 	 INFO: KEVIN - Running script at 10:11:22
2024-06-11 10:11:33,695 	 INFO: KEVIN - Driver created correctly

2024-06-11 10:11:41,896 	 INFO: KEVIN - Logged in correctly...
2024-06-11 10:11:51,908 	 INFO: KEVIN - Making a new booking...
2024-06-11 10:11:58,935 	 INFO: KEVIN - Writting seat conf...
2024-06-11 10:11:58,935 	 INFO: KEVIN - Selecting desired date...
2024-06-11 10:12:19,022 	 INFO: KEVIN - Script ending
2024-06-11 10:21:02,186 	 INFO: KEVIN - Logger created succesfully
2024-06-11 10:21:02,196 	 INFO: KEVIN - Waiting till 08:55 am, actual time: 10:21:02
2024-06-11 10:21:02,197 	 INFO: KEVIN - Running script at 10:21:02
2024-06-11 10:21:21,053 	 INFO: KEVIN - Driver created correctly

2024-06-11 10:21:29,260 	 INFO: KEVIN - Logged in correctly...
2024-06-11 10:21:39,262 	 INFO: KEVIN - Making a new booking...
2024-06-11 10:21:46,295 	 INFO: KEVIN - Writting seat conf...
2024-06-11 10:21:46,295 	 INFO: KEVIN - Selecting desired date...
2024-06-11 10:21:48,500 	 INFO: KEVIN - Script ending
2024-06-11 10:25:36,809 	 INFO: KEVIN - Logger created succesfully
2024-06-11 10:25:36,816 	 INFO: KEVIN - Waiting till 08:55 am, actual time: 10:25:36
2024-06-11 10:25:36,816 	 INFO: KEVIN - Running script at 10:25:36
2024-06-11 10:25:51,575 	 INFO: KEVIN - Driver created correctly

2024-06-11 10:26:00,840 	 INFO: KEVIN - Logged in correctly...
2024-06-11 10:26:11,021 	 INFO: KEVIN - Making a new booking...
2024-06-11 10:26:18,119 	 INFO: KEVIN - Writting seat conf...
2024-06-11 10:26:18,119 	 INFO: KEVIN - Selecting desired date...
2024-06-11 10:26:20,456 	 INFO: KEVIN - Script ending
2024-06-11 10:27:10,126 	 INFO: KEVIN - Logger created succesfully
2024-06-11 10:27:10,140 	 INFO: KEVIN - Waiting till 08:55 am, actual time: 10:27:10
2024-06-11 10:27:10,140 	 INFO: KEVIN - Running script at 10:27:10
2024-06-11 10:27:23,572 	 INFO: KEVIN - Driver created correctly

2024-06-11 10:27:31,840 	 INFO: KEVIN - Logged in correctly...
2024-06-11 10:27:41,842 	 INFO: KEVIN - Making a new booking...
2024-06-11 10:27:48,879 	 INFO: KEVIN - Writting seat conf...
2024-06-11 10:27:48,879 	 INFO: KEVIN - Selecting desired date...
2024-06-11 10:27:51,084 	 INFO: KEVIN - Script ending
2024-06-11 10:28:49,306 	 INFO: KEVIN - Logger created succesfully
2024-06-11 10:28:49,306 	 INFO: KEVIN - Waiting till 08:55 am, actual time: 10:28:49
2024-06-11 10:28:49,306 	 INFO: KEVIN - Running script at 10:28:49
2024-06-11 10:29:02,167 	 INFO: KEVIN - Driver created correctly

2024-06-11 10:29:10,475 	 INFO: KEVIN - Logged in correctly...
2024-06-11 10:29:20,480 	 INFO: KEVIN - Making a new booking...
2024-06-11 10:29:27,507 	 INFO: KEVIN - Writting seat conf...
2024-06-11 10:29:27,507 	 INFO: KEVIN - Selecting desired date...
2024-06-11 10:29:29,800 	 INFO: KEVIN - Founded today's date is 11, selecting tomorrow with date 12...
2024-06-11 10:29:31,828 	 INFO: KEVIN - Selecting working hours as hours...
2024-06-11 10:29:33,913 	 INFO: KEVIN - Selecting desired floor...
2024-06-11 10:29:33,932 	 INFO: KEVIN - Script ending
2024-06-13 16:56:07,274 	 INFO: KEVIN - Logger created succesfully
2024-06-13 16:56:07,305 	 INFO: KEVIN - Waiting till 08:55 am, actual time: 16:56:07
2024-06-13 16:56:07,305 	 INFO: KEVIN - Running script at 16:56:07
2024-06-13 16:56:21,813 	 INFO: KEVIN - Driver created correctly

2024-06-13 16:56:30,214 	 INFO: KEVIN - Logged in correctly...
2024-06-13 16:56:40,232 	 INFO: KEVIN - Making a new booking...
2024-06-13 16:56:47,267 	 INFO: KEVIN - Writting seat conf...
2024-06-13 16:56:47,267 	 INFO: KEVIN - Selecting desired date...
2024-06-13 16:56:49,606 	 INFO: KEVIN - Founded today's date is 13, selecting tomorrow with date 14...
2024-06-13 16:56:51,629 	 INFO: KEVIN - Selecting working hours as hours...
2024-06-13 16:56:53,682 	 INFO: KEVIN - Selecting desired floor...
2024-06-13 16:56:55,724 	 INFO: KEVIN - Script ending
2024-06-13 17:34:56,353 	 INFO: KEVIN - Logger created succesfully
2024-06-13 17:34:56,374 	 INFO: KEVIN - Waiting till 08:55 am, actual time: 17:34:56
2024-06-13 17:34:56,374 	 INFO: KEVIN - Running script at 17:34:56
2024-06-13 17:35:11,568 	 INFO: KEVIN - Driver created correctly

2024-06-13 17:35:19,955 	 INFO: KEVIN - Logged in correctly...
2024-06-13 17:35:29,974 	 INFO: KEVIN - Making a new booking...
2024-06-13 17:35:30,080 	 INFO: KEVIN - Script ending
2024-06-13 17:39:46,601 	 INFO: KEVIN - Logger created succesfully
2024-06-13 17:39:46,612 	 INFO: KEVIN - Waiting till 08:55 am, actual time: 17:39:46
2024-06-13 17:39:46,612 	 INFO: KEVIN - Running script at 17:39:46
2024-06-13 17:39:59,598 	 INFO: KEVIN - Driver created correctly

2024-06-13 17:40:07,897 	 INFO: KEVIN - Logged in correctly...
2024-06-13 17:40:17,903 	 INFO: KEVIN - Making a new booking...
2024-06-13 17:40:24,947 	 INFO: KEVIN - Writting seat conf...
2024-06-13 17:40:24,948 	 INFO: KEVIN - Selecting desired date...
2024-06-13 17:40:27,310 	 INFO: KEVIN - Founded today's date is 13, selecting tomorrow with date 14...
2024-06-13 17:40:29,342 	 INFO: KEVIN - Selecting working hours as hours...
2024-06-13 17:40:31,390 	 INFO: KEVIN - Selecting desired floor...
2024-06-13 17:40:33,441 	 INFO: KEVIN - Script ending
2024-06-13 17:41:16,143 	 INFO: KEVIN - Logger created succesfully
2024-06-13 17:41:16,149 	 INFO: KEVIN - Waiting till 08:55 am, actual time: 17:41:16
2024-06-13 17:41:16,150 	 INFO: KEVIN - Running script at 17:41:16
2024-06-13 17:41:28,543 	 INFO: KEVIN - Driver created correctly

2024-06-13 17:41:36,827 	 INFO: KEVIN - Logged in correctly...
2024-06-13 17:41:46,832 	 INFO: KEVIN - Making a new booking...
2024-06-13 17:41:53,869 	 INFO: KEVIN - Writting seat conf...
2024-06-13 17:41:53,871 	 INFO: KEVIN - Selecting desired date...
2024-06-13 17:41:56,050 	 INFO: KEVIN - Founded today's date is 13, selecting tomorrow with date 14...
2024-06-13 17:41:58,080 	 INFO: KEVIN - Selecting working hours as hours...
2024-06-13 17:42:00,160 	 INFO: KEVIN - Selecting desired floor...
2024-06-13 17:42:10,211 	 INFO: KEVIN - Script ending
2024-06-13 17:43:53,950 	 INFO: KEVIN - Logger created succesfully
2024-06-13 17:43:53,960 	 INFO: KEVIN - Waiting till 08:55 am, actual time: 17:43:53
2024-06-13 17:43:53,960 	 INFO: KEVIN - Running script at 17:43:53
2024-06-13 17:44:06,206 	 INFO: KEVIN - Driver created correctly

2024-06-13 17:44:14,412 	 INFO: KEVIN - Logged in correctly...
2024-06-13 17:44:24,428 	 INFO: KEVIN - Making a new booking...
2024-06-13 17:44:31,456 	 INFO: KEVIN - Writting seat conf...
2024-06-13 17:44:31,457 	 INFO: KEVIN - Selecting desired date...
2024-06-13 17:44:33,641 	 INFO: KEVIN - Founded today's date is 13, selecting tomorrow with date 14...
2024-06-13 17:44:35,688 	 INFO: KEVIN - Selecting working hours as hours...
2024-06-13 17:44:37,750 	 INFO: KEVIN - Selecting desired floor...
2024-06-13 17:44:47,810 	 INFO: KEVIN - Script ending
2024-06-13 17:46:00,022 	 INFO: KEVIN - Logger created succesfully
2024-06-13 17:46:00,040 	 INFO: KEVIN - Waiting till 08:55 am, actual time: 17:46:00
2024-06-13 17:46:00,049 	 INFO: KEVIN - Running script at 17:46:00
2024-06-13 17:46:12,414 	 INFO: KEVIN - Driver created correctly

2024-06-13 17:46:20,651 	 INFO: KEVIN - Logged in correctly...
2024-06-13 17:46:30,662 	 INFO: KEVIN - Making a new booking...
2024-06-13 17:46:37,718 	 INFO: KEVIN - Writting seat conf...
2024-06-13 17:46:37,720 	 INFO: KEVIN - Selecting desired date...
2024-06-13 17:46:39,970 	 INFO: KEVIN - Founded today's date is 13, selecting tomorrow with date 14...
2024-06-13 17:46:42,000 	 INFO: KEVIN - Selecting working hours as hours...
2024-06-13 17:46:44,047 	 INFO: KEVIN - Selecting desired floor...
2024-06-13 17:46:54,090 	 INFO: KEVIN - Script ending
2024-06-13 17:51:43,321 	 INFO: KEVIN - Logger created succesfully
2024-06-13 17:51:43,329 	 INFO: KEVIN - Waiting till 08:55 am, actual time: 17:51:43
2024-06-13 17:51:43,329 	 INFO: KEVIN - Running script at 17:51:43
2024-06-13 17:52:02,047 	 INFO: KEVIN - Driver created correctly

2024-06-13 17:52:10,329 	 INFO: KEVIN - Logged in correctly...
2024-06-13 17:52:20,348 	 INFO: KEVIN - Making a new booking...
2024-06-13 17:52:27,383 	 INFO: KEVIN - Writting seat conf...
2024-06-13 17:52:27,383 	 INFO: KEVIN - Selecting desired date...
2024-06-13 17:52:29,662 	 INFO: KEVIN - Founded today's date is 13, selecting tomorrow with date 14...
2024-06-13 17:52:31,682 	 INFO: KEVIN - Selecting working hours as hours...
2024-06-13 17:52:33,739 	 INFO: KEVIN - Selecting desired floor...
2024-06-13 17:52:43,906 	 INFO: KEVIN - Script ending
2024-06-13 17:53:59,009 	 INFO: KEVIN - Logger created succesfully
2024-06-13 17:53:59,023 	 INFO: KEVIN - Waiting till 08:55 am, actual time: 17:53:59
2024-06-13 17:53:59,023 	 INFO: KEVIN - Running script at 17:53:59
2024-06-13 17:54:11,337 	 INFO: KEVIN - Driver created correctly

2024-06-13 17:54:19,585 	 INFO: KEVIN - Logged in correctly...
2024-06-13 17:54:29,587 	 INFO: KEVIN - Making a new booking...
2024-06-13 17:54:36,626 	 INFO: KEVIN - Writting seat conf...
2024-06-13 17:54:36,628 	 INFO: KEVIN - Selecting desired date...
2024-06-13 17:54:38,876 	 INFO: KEVIN - Founded today's date is 13, selecting tomorrow with date 14...
2024-06-13 17:54:40,922 	 INFO: KEVIN - Selecting working hours as hours...
2024-06-13 17:54:42,966 	 INFO: KEVIN - Selecting desired floor...
2024-06-13 17:54:53,078 	 INFO: KEVIN - Script ending
2024-06-13 18:02:45,298 	 INFO: KEVIN - Logger created succesfully
2024-06-13 18:02:45,319 	 INFO: KEVIN - Waiting till 08:55 am, actual time: 18:02:45
2024-06-13 18:02:45,319 	 INFO: KEVIN - Running script at 18:02:45
2024-06-13 18:03:05,880 	 INFO: KEVIN - Driver created correctly

2024-06-13 18:03:14,126 	 INFO: KEVIN - Logged in correctly...
2024-06-13 18:03:24,138 	 INFO: KEVIN - Making a new booking...
2024-06-13 18:03:31,179 	 INFO: KEVIN - Writting seat conf...
2024-06-13 18:03:31,180 	 INFO: KEVIN - Selecting desired date...
2024-06-13 18:03:33,519 	 INFO: KEVIN - Founded today's date is 13, selecting tomorrow with date 14...
2024-06-13 18:03:35,540 	 INFO: KEVIN - Selecting working hours as hours...
2024-06-13 18:03:37,586 	 INFO: KEVIN - Selecting desired floor...
2024-06-13 18:03:38,689 	 INFO: KEVIN - Script ending
2024-06-13 18:12:23,888 	 INFO: KEVIN - Logger created succesfully
2024-06-13 18:12:23,901 	 INFO: KEVIN - Waiting till 08:55 am, actual time: 18:12:23
2024-06-13 18:12:23,903 	 INFO: KEVIN - Running script at 18:12:23
2024-06-13 18:12:42,837 	 INFO: KEVIN - Driver created correctly

2024-06-13 18:12:51,347 	 INFO: KEVIN - Logged in correctly...
2024-06-13 18:13:01,369 	 INFO: KEVIN - Making a new booking...
2024-06-13 18:13:08,411 	 INFO: KEVIN - Writting seat conf...
2024-06-13 18:13:08,411 	 INFO: KEVIN - Selecting desired date...
2024-06-13 18:13:10,651 	 INFO: KEVIN - Founded today's date is 13, selecting tomorrow with date 14...
2024-06-13 18:13:12,683 	 INFO: KEVIN - Selecting working hours as hours...
2024-06-13 18:13:14,733 	 INFO: KEVIN - Selecting desired floor...
2024-06-13 18:13:16,813 	 INFO: KEVIN - Script ending
2024-06-13 18:14:33,823 	 INFO: KEVIN - Logger created succesfully
2024-06-13 18:14:33,832 	 INFO: KEVIN - Waiting till 08:55 am, actual time: 18:14:33
2024-06-13 18:14:33,832 	 INFO: KEVIN - Running script at 18:14:33
2024-06-13 18:14:46,993 	 INFO: KEVIN - Driver created correctly

2024-06-13 18:14:55,270 	 INFO: KEVIN - Logged in correctly...
2024-06-13 18:15:05,279 	 INFO: KEVIN - Making a new booking...
2024-06-13 18:15:12,330 	 INFO: KEVIN - Writting seat conf...
2024-06-13 18:15:12,332 	 INFO: KEVIN - Selecting desired date...
2024-06-13 18:15:14,608 	 INFO: KEVIN - Founded today's date is 13, selecting tomorrow with date 14...
2024-06-13 18:15:16,645 	 INFO: KEVIN - Selecting working hours as hours...
2024-06-13 18:15:18,699 	 INFO: KEVIN - Selecting desired floor...
2024-06-13 18:15:48,819 	 INFO: KEVIN - Script ending
2024-06-13 18:18:55,489 	 INFO: KEVIN - Logger created succesfully
2024-06-13 18:18:55,493 	 INFO: KEVIN - Waiting till 08:55 am, actual time: 18:18:55
2024-06-13 18:18:55,493 	 INFO: KEVIN - Running script at 18:18:55
2024-06-13 18:19:09,349 	 INFO: KEVIN - Driver created correctly

2024-06-13 18:19:17,585 	 INFO: KEVIN - Logged in correctly...
2024-06-13 18:19:27,588 	 INFO: KEVIN - Making a new booking...
2024-06-13 18:19:34,622 	 INFO: KEVIN - Writting seat conf...
2024-06-13 18:19:34,625 	 INFO: KEVIN - Selecting desired date...
2024-06-13 18:19:36,992 	 INFO: KEVIN - Founded today's date is 13, selecting tomorrow with date 14...
2024-06-13 18:19:39,032 	 INFO: KEVIN - Selecting working hours as hours...
2024-06-13 18:19:41,096 	 INFO: KEVIN - Selecting desired floor...
2024-06-13 18:20:11,184 	 INFO: KEVIN - Script ending
2024-06-13 18:21:30,865 	 INFO: KEVIN - Logger created succesfully
2024-06-13 18:21:30,872 	 INFO: KEVIN - Waiting till 08:55 am, actual time: 18:21:30
2024-06-13 18:21:30,872 	 INFO: KEVIN - Running script at 18:21:30
2024-06-13 18:21:42,990 	 INFO: KEVIN - Driver created correctly

2024-06-13 18:21:51,300 	 INFO: KEVIN - Logged in correctly...
2024-06-13 18:22:01,317 	 INFO: KEVIN - Making a new booking...
2024-06-13 18:22:08,358 	 INFO: KEVIN - Writting seat conf...
2024-06-13 18:22:08,358 	 INFO: KEVIN - Selecting desired date...
2024-06-13 18:22:10,524 	 INFO: KEVIN - Founded today's date is 13, selecting tomorrow with date 14...
2024-06-13 18:22:12,565 	 INFO: KEVIN - Selecting working hours as hours...
2024-06-13 18:22:14,609 	 INFO: KEVIN - Selecting desired floor...
2024-06-13 18:22:16,714 	 INFO: KEVIN - Script ending
2024-06-13 18:23:37,157 	 INFO: KEVIN - Logger created succesfully
2024-06-13 18:23:37,165 	 INFO: KEVIN - Waiting till 08:55 am, actual time: 18:23:37
2024-06-13 18:23:37,168 	 INFO: KEVIN - Running script at 18:23:37
2024-06-13 18:23:50,451 	 INFO: KEVIN - Driver created correctly

2024-06-13 18:23:58,687 	 INFO: KEVIN - Logged in correctly...
2024-06-13 18:24:08,702 	 INFO: KEVIN - Making a new booking...
2024-06-13 18:24:15,753 	 INFO: KEVIN - Writting seat conf...
2024-06-13 18:24:15,754 	 INFO: KEVIN - Selecting desired date...
2024-06-13 18:24:17,929 	 INFO: KEVIN - Founded today's date is 13, selecting tomorrow with date 14...
2024-06-13 18:24:19,950 	 INFO: KEVIN - Selecting working hours as hours...
2024-06-13 18:24:21,999 	 INFO: KEVIN - Selecting desired floor...
2024-06-13 18:24:24,105 	 INFO: KEVIN - Script ending
2024-06-13 18:24:50,918 	 INFO: KEVIN - Logger created succesfully
2024-06-13 18:24:50,924 	 INFO: KEVIN - Waiting till 08:55 am, actual time: 18:24:50
2024-06-13 18:24:50,925 	 INFO: KEVIN - Running script at 18:24:50
2024-06-13 18:25:04,845 	 INFO: KEVIN - Driver created correctly

2024-06-13 18:25:13,099 	 INFO: KEVIN - Logged in correctly...
2024-06-13 18:25:23,108 	 INFO: KEVIN - Making a new booking...
2024-06-13 18:25:30,140 	 INFO: KEVIN - Writting seat conf...
2024-06-13 18:25:30,140 	 INFO: KEVIN - Selecting desired date...
2024-06-13 18:25:32,365 	 INFO: KEVIN - Founded today's date is 13, selecting tomorrow with date 14...
2024-06-13 18:25:34,439 	 INFO: KEVIN - Selecting working hours as hours...
2024-06-13 18:25:36,484 	 INFO: KEVIN - Selecting desired floor...
2024-06-13 18:25:38,599 	 INFO: KEVIN - Script ending
2024-06-13 18:25:55,957 	 INFO: KEVIN - Logger created succesfully
2024-06-13 18:25:55,957 	 INFO: KEVIN - Waiting till 08:55 am, actual time: 18:25:55
2024-06-13 18:25:55,964 	 INFO: KEVIN - Running script at 18:25:55
2024-06-13 18:26:08,022 	 INFO: KEVIN - Driver created correctly

2024-06-13 18:26:16,279 	 INFO: KEVIN - Logged in correctly...
2024-06-13 18:26:26,281 	 INFO: KEVIN - Making a new booking...
2024-06-13 18:26:33,310 	 INFO: KEVIN - Writting seat conf...
2024-06-13 18:26:33,310 	 INFO: KEVIN - Selecting desired date...
2024-06-13 18:26:35,509 	 INFO: KEVIN - Founded today's date is 13, selecting tomorrow with date 14...
2024-06-13 18:26:37,552 	 INFO: KEVIN - Selecting working hours as hours...
2024-06-13 18:26:39,590 	 INFO: KEVIN - Selecting desired floor...
2024-06-13 18:26:41,671 	 INFO: KEVIN - Script ending
2024-06-13 18:29:44,488 	 INFO: KEVIN - Logger created succesfully
2024-06-13 18:29:44,493 	 INFO: KEVIN - Waiting till 08:55 am, actual time: 18:29:44
2024-06-13 18:29:44,494 	 INFO: KEVIN - Running script at 18:29:44
2024-06-13 18:29:57,210 	 INFO: KEVIN - Driver created correctly

2024-06-13 18:30:05,516 	 INFO: KEVIN - Logged in correctly...
2024-06-13 18:30:15,541 	 INFO: KEVIN - Making a new booking...
2024-06-13 18:30:22,574 	 INFO: KEVIN - Writting seat conf...
2024-06-13 18:30:22,576 	 INFO: KEVIN - Selecting desired date...
2024-06-13 18:30:24,756 	 INFO: KEVIN - Founded today's date is 13, selecting tomorrow with date 14...
2024-06-13 18:30:26,802 	 INFO: KEVIN - Selecting working hours as hours...
2024-06-13 18:30:28,850 	 INFO: KEVIN - Selecting desired floor...
2024-06-13 18:30:31,014 	 INFO: KEVIN - Script ending
2024-06-13 18:30:52,348 	 INFO: KEVIN - Logger created succesfully
2024-06-13 18:30:52,349 	 INFO: KEVIN - Waiting till 08:55 am, actual time: 18:30:52
2024-06-13 18:30:52,349 	 INFO: KEVIN - Running script at 18:30:52
2024-06-13 18:31:06,183 	 INFO: KEVIN - Driver created correctly

2024-06-13 18:31:14,443 	 INFO: KEVIN - Logged in correctly...
2024-06-13 18:31:24,448 	 INFO: KEVIN - Making a new booking...
2024-06-13 18:31:31,511 	 INFO: KEVIN - Writting seat conf...
2024-06-13 18:31:31,512 	 INFO: KEVIN - Selecting desired date...
2024-06-13 18:31:33,744 	 INFO: KEVIN - Founded today's date is 13, selecting tomorrow with date 14...
2024-06-13 18:31:35,783 	 INFO: KEVIN - Selecting working hours as hours...
2024-06-13 18:31:37,836 	 INFO: KEVIN - Selecting desired floor...
2024-06-13 18:31:39,966 	 INFO: KEVIN - Script ending
2024-06-13 18:33:03,725 	 INFO: KEVIN - Logger created succesfully
2024-06-13 18:33:03,729 	 INFO: KEVIN - Waiting till 08:55 am, actual time: 18:33:03
2024-06-13 18:33:03,747 	 INFO: KEVIN - Running script at 18:33:03
2024-06-13 18:33:16,104 	 INFO: KEVIN - Driver created correctly

2024-06-13 18:33:24,352 	 INFO: KEVIN - Logged in correctly...
2024-06-13 18:33:34,360 	 INFO: KEVIN - Making a new booking...
2024-06-13 18:33:41,394 	 INFO: KEVIN - Writting seat conf...
2024-06-13 18:33:41,394 	 INFO: KEVIN - Selecting desired date...
2024-06-13 18:33:43,527 	 INFO: KEVIN - Founded today's date is 13, selecting tomorrow with date 14...
2024-06-13 18:33:45,553 	 INFO: KEVIN - Selecting working hours as hours...
2024-06-13 18:33:47,594 	 INFO: KEVIN - Selecting desired floor...
2024-06-13 18:33:51,792 	 INFO: KEVIN - Selecting asset type...
2024-06-13 18:33:51,814 	 INFO: KEVIN - Script ending
2024-06-13 18:35:31,286 	 INFO: KEVIN - Logger created succesfully
2024-06-13 18:35:31,303 	 INFO: KEVIN - Waiting till 08:55 am, actual time: 18:35:31
2024-06-13 18:35:31,303 	 INFO: KEVIN - Running script at 18:35:31
2024-06-13 18:35:43,171 	 INFO: KEVIN - Driver created correctly

2024-06-13 18:35:51,383 	 INFO: KEVIN - Logged in correctly...
2024-06-13 18:36:01,387 	 INFO: KEVIN - Making a new booking...
2024-06-13 18:36:08,426 	 INFO: KEVIN - Writting seat conf...
2024-06-13 18:36:08,427 	 INFO: KEVIN - Selecting desired date...
2024-06-13 18:36:10,595 	 INFO: KEVIN - Founded today's date is 13, selecting tomorrow with date 14...
2024-06-13 18:36:12,647 	 INFO: KEVIN - Selecting working hours as hours...
2024-06-13 18:36:14,694 	 INFO: KEVIN - Selecting desired floor...
2024-06-13 18:36:18,942 	 INFO: KEVIN - Selecting asset type...
2024-06-13 18:36:20,102 	 INFO: KEVIN - Script ending
2024-06-13 18:37:06,751 	 INFO: KEVIN - Logger created succesfully
2024-06-13 18:37:06,760 	 INFO: KEVIN - Waiting till 08:55 am, actual time: 18:37:06
2024-06-13 18:37:06,762 	 INFO: KEVIN - Running script at 18:37:06
2024-06-13 18:37:20,144 	 INFO: KEVIN - Driver created correctly

2024-06-13 18:37:28,410 	 INFO: KEVIN - Logged in correctly...
2024-06-13 18:37:38,433 	 INFO: KEVIN - Making a new booking...
2024-06-13 18:37:38,470 	 INFO: KEVIN - Script ending
2024-06-13 18:38:33,657 	 INFO: KEVIN - Logger created succesfully
2024-06-13 18:38:33,664 	 INFO: KEVIN - Waiting till 08:55 am, actual time: 18:38:33
2024-06-13 18:38:33,665 	 INFO: KEVIN - Running script at 18:38:33
2024-06-13 18:38:47,713 	 INFO: KEVIN - Driver created correctly

2024-06-13 18:38:56,027 	 INFO: KEVIN - Logged in correctly...
2024-06-13 18:39:06,035 	 INFO: KEVIN - Making a new booking...
2024-06-13 18:39:13,202 	 INFO: KEVIN - Writting seat conf...
2024-06-13 18:39:13,202 	 INFO: KEVIN - Selecting desired date...
2024-06-13 18:39:15,406 	 INFO: KEVIN - Founded today's date is 13, selecting tomorrow with date 14...
2024-06-13 18:39:17,449 	 INFO: KEVIN - Selecting working hours as hours...
2024-06-13 18:39:19,494 	 INFO: KEVIN - Selecting desired floor...
2024-06-13 18:39:23,668 	 INFO: KEVIN - Selecting asset type...
2024-06-13 18:39:23,687 	 INFO: KEVIN - Script ending
2024-06-13 18:39:39,949 	 INFO: KEVIN - Logger created succesfully
2024-06-13 18:39:39,970 	 INFO: KEVIN - Waiting till 08:55 am, actual time: 18:39:39
2024-06-13 18:39:39,970 	 INFO: KEVIN - Running script at 18:39:39
2024-06-13 18:39:53,918 	 INFO: KEVIN - Driver created correctly

2024-06-13 18:40:02,188 	 INFO: KEVIN - Logged in correctly...
2024-06-13 18:40:12,200 	 INFO: KEVIN - Making a new booking...
2024-06-13 18:40:12,306 	 INFO: KEVIN - Script ending
2024-06-13 18:40:56,203 	 INFO: KEVIN - Logger created succesfully
2024-06-13 18:40:56,203 	 INFO: KEVIN - Waiting till 08:55 am, actual time: 18:40:56
2024-06-13 18:40:56,203 	 INFO: KEVIN - Running script at 18:40:56
2024-06-13 18:41:08,225 	 INFO: KEVIN - Driver created correctly

2024-06-13 18:41:16,514 	 INFO: KEVIN - Logged in correctly...
2024-06-13 18:41:31,518 	 INFO: KEVIN - Making a new booking...
2024-06-13 18:41:38,573 	 INFO: KEVIN - Writting seat conf...
2024-06-13 18:41:38,574 	 INFO: KEVIN - Selecting desired date...
2024-06-13 18:41:40,785 	 INFO: KEVIN - Founded today's date is 13, selecting tomorrow with date 14...
2024-06-13 18:41:42,812 	 INFO: KEVIN - Selecting working hours as hours...
2024-06-13 18:41:44,876 	 INFO: KEVIN - Selecting desired floor...
2024-06-13 18:41:49,082 	 INFO: KEVIN - Selecting asset type...
2024-06-13 18:41:50,196 	 INFO: KEVIN - Script ending
2024-06-13 18:42:09,210 	 INFO: KEVIN - Logger created succesfully
2024-06-13 18:42:09,210 	 INFO: KEVIN - Waiting till 08:55 am, actual time: 18:42:09
2024-06-13 18:42:09,210 	 INFO: KEVIN - Running script at 18:42:09
2024-06-13 18:42:23,507 	 INFO: KEVIN - Driver created correctly

2024-06-13 18:42:31,813 	 INFO: KEVIN - Logged in correctly...
2024-06-13 18:42:46,855 	 INFO: KEVIN - Making a new booking...
2024-06-13 18:42:53,910 	 INFO: KEVIN - Writting seat conf...
2024-06-13 18:42:53,910 	 INFO: KEVIN - Selecting desired date...
2024-06-13 18:42:56,192 	 INFO: KEVIN - Founded today's date is 13, selecting tomorrow with date 14...
2024-06-13 18:42:58,225 	 INFO: KEVIN - Selecting working hours as hours...
2024-06-13 18:43:00,280 	 INFO: KEVIN - Selecting desired floor...
2024-06-13 18:43:04,591 	 INFO: KEVIN - Selecting asset type...
2024-06-13 18:43:05,710 	 INFO: KEVIN - Script ending
2024-06-13 19:04:46,047 	 INFO: KEVIN - Logger created succesfully
2024-06-13 19:04:46,070 	 INFO: KEVIN - Waiting till 08:55 am, actual time: 19:04:46
2024-06-13 19:04:46,071 	 INFO: KEVIN - Running script at 19:04:46
2024-06-13 19:05:00,995 	 INFO: KEVIN - Driver created correctly

2024-06-13 19:05:09,270 	 INFO: KEVIN - Logged in correctly...
2024-06-13 19:05:24,277 	 INFO: KEVIN - Making a new booking...
2024-06-13 19:05:31,332 	 INFO: KEVIN - Writting seat conf...
2024-06-13 19:05:31,333 	 INFO: KEVIN - Selecting desired date...
2024-06-13 19:05:33,742 	 INFO: KEVIN - Founded today's date is 13, selecting tomorrow with date 14...
2024-06-13 19:05:35,774 	 INFO: KEVIN - Selecting working hours as hours...
2024-06-13 19:05:37,821 	 INFO: KEVIN - Selecting desired floor...
2024-06-13 19:05:42,100 	 INFO: KEVIN - Selecting asset type...
2024-06-13 19:05:43,233 	 INFO: KEVIN - Script ending
